@0 TAG : @0 @       0 - TYPE_AAC [----C] fl:1 ->  AACFRAME 0 smp. [44100 Hz, 2] len: 0
@0 TAG : @0 @       0 - TYPE_AAC [-A-DC] fl:1 ->  AACFRAME 0 smp. [44100 Hz, 2] len: 363
@2048 TAG : @0 @       0 - TYPE_AAC [-A-DC] fl:1 ->  AACFRAME 4096 smp. [44100 Hz, 2] len: 418
@2048 TAG : @46 @      46 - TYPE_AAC [-A-DC] fl:1 ->  AACFRAME 4096 smp. [44100 Hz, 2] len: 356
@2048 TAG : @92 @      92 - TYPE_AAC [-A-DC] fl:1 ->  AACFRAME 4096 smp. [44100 Hz, 2] len: 354
@2560 TAG : @139 @     139 - TYPE_AAC [-A-DC] fl:1 ->  AACFRAME 4096 smp. [44100 Hz, 2] len: 377
@2560 TAG : @185 @     185 - TYPE_AAC [-A-DC] fl:1 ->  AACFRAME 4096 smp. [44100 Hz, 2] len: 377
@3072 TAG : @232 @     232 - TYPE_AAC [-A-DC] fl:1 ->  AACFRAME 4096 smp. [44100 Hz, 2] len: 505
@3584 TAG : @278 @     278 - TYPE_AAC [-A-DC] fl:1 ->  AACFRAME 4096 smp. [44100 Hz, 2] len: 351
@4096 TAG : @325 @     325 - TYPE_AAC [-A-DC] fl:1 ->  AACFRAME 4096 smp. [44100 Hz, 2] len: 359
@4608 TAG : @371 @     371 - TYPE_AAC [-A-DC] fl:1 ->  AACFRAME 4096 smp. [44100 Hz, 2] len: 358
@4608 TAG : @417 @     417 - TYPE_AAC [-A-DC] fl:1 ->  AACFRAME 4096 smp. [44100 Hz, 2] len: 363
@5120 TAG : @464 @     464 - TYPE_AAC [-A-DC] fl:1 ->  AACFRAME 4096 smp. [44100 Hz, 2] len: 352
@5632 TAG : @510 @     510 - TYPE_AAC [-A-DC] fl:1 ->  AACFRAME 4096 smp. [44100 Hz, 2] len: 361
@5632 TAG : @557 @     557 - TYPE_AAC [-A-DC] fl:1 ->  AACFRAME 4096 smp. [44100 Hz, 2] len: 365
@6144 TAG : @603 @     603 - TYPE_AAC [-A-DC] fl:1 ->  AACFRAME 4096 smp. [44100 Hz, 2] len: 416
@6656 TAG : @650 @     650 - TYPE_AAC [-A-DC] fl:1 ->  AACFRAME 4096 smp. [44100 Hz, 2] len: 426
@7168 TAG : @696 @     696 - TYPE_AAC [-A-DC] fl:1 ->  AACFRAME 4096 smp. [44100 Hz, 2] len: 494
@7168 TAG : @743 @     743 - TYPE_AAC [-A-DC] fl:1 ->  AACFRAME 4096 smp. [44100 Hz, 2] len: 360
@7680 TAG : @789 @     789 - TYPE_AAC [-A-DC] fl:1 ->  AACFRAME 4096 smp. [44100 Hz, 2] len: 356
@8192 TAG : @835 @     835 - TYPE_AAC [-A-DC] fl:1 ->  AACFRAME 4096 smp. [44100 Hz, 2] len: 354
@8704 TAG : @882 @     882 - TYPE_AAC [-A-DC] fl:1 ->  AACFRAME 4096 smp. [44100 Hz, 2] len: 370
@8704 TAG : @928 @     928 - TYPE_AAC [-A-DC] fl:1 ->  AACFRAME 4096 smp. [44100 Hz, 2] len: 431
@9216 TAG : @975 @     975 - TYPE_AAC [-A-DC] fl:1 ->  AACFRAME 4096 smp. [44100 Hz, 2] len: 365
@9728 TAG : @1021 @    1021 - TYPE_AAC [-A-DC] fl:1 ->  AACFRAME 4096 smp. [44100 Hz, 2] len: 367
@10240 TAG : @1068 @    1068 - TYPE_AAC [-A-DC] fl:1 ->  AACFRAME 4096 smp. [44100 Hz, 2] len: 367
@10240 TAG : @1114 @    1114 - TYPE_AAC [-A-DC] fl:1 ->  AACFRAME 4096 smp. [44100 Hz, 2] len: 371
@10752 TAG : @1160 @    1160 - TYPE_AAC [-A-DC] fl:1 ->  AACFRAME 4096 smp. [44100 Hz, 2] len: 434
@11264 TAG : @1207 @    1207 - TYPE_AAC [-A-DC] fl:1 ->  AACFRAME 4096 smp. [44100 Hz, 2] len: 366
@11776 TAG : @1253 @    1253 - TYPE_AAC [-A-DC] fl:1 ->  AACFRAME 4096 smp. [44100 Hz, 2] len: 348
@11776 TAG : @1300 @    1300 - TYPE_AAC [-A-DC] fl:1 ->  AACFRAME 4096 smp. [44100 Hz, 2] len: 349
@12288 TAG : @1346 @    1346 - TYPE_AAC [-A-DC] fl:1 ->  AACFRAME 4096 smp. [44100 Hz, 2] len: 362
@12800 TAG : @1393 @    1393 - TYPE_AAC [-A-DC] fl:1 ->  AACFRAME 4096 smp. [44100 Hz, 2] len: 416
@12800 TAG : @1439 @    1439 - TYPE_AAC [-A-DC] fl:1 ->  AACFRAME 4096 smp. [44100 Hz, 2] len: 338
@13312 TAG : @1486 @    1486 - TYPE_AAC [-A-DC] fl:1 ->  AACFRAME 4096 smp. [44100 Hz, 2] len: 358
@13824 TAG : @1532 @    1532 - TYPE_AAC [-A-DC] fl:1 ->  AACFRAME 4096 smp. [44100 Hz, 2] len: 366
@14336 TAG : @1578 @    1578 - TYPE_AAC [-A-DC] fl:1 ->  AACFRAME 4096 smp. [44100 Hz, 2] len: 351
@14336 TAG : @1625 @    1625 - TYPE_AAC [-A-DC] fl:1 ->  AACFRAME 4096 smp. [44100 Hz, 2] len: 451
@14848 TAG : @1671 @    1671 - TYPE_AAC [-A-DC] fl:1 ->  AACFRAME 4096 smp. [44100 Hz, 2] len: 383
@15360 TAG : @1718 @    1718 - TYPE_AAC [-A-DC] fl:1 ->  AACFRAME 4096 smp. [44100 Hz, 2] len: 365
@15872 TAG : @1764 @    1764 - TYPE_AAC [-A-DC] fl:1 ->  AACFRAME 4096 smp. [44100 Hz, 2] len: 361
@15872 TAG : @1811 @    1811 - TYPE_AAC [-A-DC] fl:1 ->  AACFRAME 4096 smp. [44100 Hz, 2] len: 363
@16384 TAG : @1857 @    1857 - TYPE_AAC [-A-DC] fl:1 ->  AACFRAME 4096 smp. [44100 Hz, 2] len: 360
@16896 TAG : @1904 @    1904 - TYPE_AAC [-A-DC] fl:1 ->  AACFRAME 4096 smp. [44100 Hz, 2] len: 391
@17408 TAG : @1950 @    1950 - TYPE_AAC [-A-DC] fl:1 ->  AACFRAME 4096 smp. [44100 Hz, 2] len: 363
@17408 TAG : @1996 @    1996 - TYPE_AAC [-A-DC] fl:1 ->  AACFRAME 4096 smp. [44100 Hz, 2] len: 367
@17920 TAG : @2043 @    2043 - TYPE_AAC [-A-DC] fl:1 ->  AACFRAME 4096 smp. [44100 Hz, 2] len: 368
@18432 TAG : @2089 @    2089 - TYPE_AAC [-A-DC] fl:1 ->  AACFRAME 4096 smp. [44100 Hz, 2] len: 439
@18432 TAG : @2136 @    2136 - TYPE_AAC [-A-DC] fl:1 ->  AACFRAME 4096 smp. [44100 Hz, 2] len: 439
@18944 TAG : @2182 @    2182 - TYPE_AAC [-A-DC] fl:1 ->  AACFRAME 4096 smp. [44100 Hz, 2] len: 362
@19456 TAG : @2229 @    2229 - TYPE_AAC [-A-DC] fl:1 ->  AACFRAME 4096 smp. [44100 Hz, 2] len: 349
@19968 TAG : @2275 @    2275 - TYPE_AAC [-A-DC] fl:1 ->  AACFRAME 4096 smp. [44100 Hz, 2] len: 364
@20480 TAG : @2321 @    2321 - TYPE_AAC [-A-DC] fl:1 ->  AACFRAME 4096 smp. [44100 Hz, 2] len: 368
@20480 TAG : @2368 @    2368 - TYPE_AAC [-A-DC] fl:1 ->  AACFRAME 4096 smp. [44100 Hz, 2] len: 347
@20992 TAG : @2414 @    2414 - TYPE_AAC [-A-DC] fl:1 ->  AACFRAME 4096 smp. [44100 Hz, 2] len: 351
@21504 TAG : @2461 @    2461 - TYPE_AAC [-A-DC] fl:1 ->  AACFRAME 4096 smp. [44100 Hz, 2] len: 363
@21504 TAG : @2507 @    2507 - TYPE_AAC [-A-DC] fl:1 ->  AACFRAME 4096 smp. [44100 Hz, 2] len: 351
@22016 TAG : @2554 @    2554 - TYPE_AAC [-A-DC] fl:1 ->  AACFRAME 4096 smp. [44100 Hz, 2] len: 363
@22528 TAG : @2600 @    2600 - TYPE_AAC [-A-DC] fl:1 ->  AACFRAME 4096 smp. [44100 Hz, 2] len: 464
@22528 TAG : @2647 @    2647 - TYPE_AAC [-A-DC] fl:1 ->  AACFRAME 4096 smp. [44100 Hz, 2] len: 366
@23040 TAG : @2693 @    2693 - TYPE_AAC [-A-DC] fl:1 ->  AACFRAME 4096 smp. [44100 Hz, 2] len: 371
@23552 TAG : @2739 @    2739 - TYPE_AAC [-A-DC] fl:1 ->  AACFRAME 4096 smp. [44100 Hz, 2] len: 376
@24064 TAG : @2786 @    2786 - TYPE_AAC [-A-DC] fl:1 ->  AACFRAME 4096 smp. [44100 Hz, 2] len: 372
@24576 TAG : @2832 @    2832 - TYPE_AAC [-A-DC] fl:1 ->  AACFRAME 4096 smp. [44100 Hz, 2] len: 417
@24576 TAG : @2879 @    2879 - TYPE_AAC [-A-DC] fl:1 ->  AACFRAME 4096 smp. [44100 Hz, 2] len: 360
@25088 TAG : @2925 @    2925 - TYPE_AAC [-A-DC] fl:1 ->  AACFRAME 4096 smp. [44100 Hz, 2] len: 366
@25600 TAG : @2972 @    2972 - TYPE_AAC [-A-DC] fl:1 ->  AACFRAME 4096 smp. [44100 Hz, 2] len: 342
@25600 TAG : @3018 @    3018 - TYPE_AAC [-A-DC] fl:1 ->  AACFRAME 4096 smp. [44100 Hz, 2] len: 365
@26112 TAG : @3065 @    3065 - TYPE_AAC [-A-DC] fl:1 ->  AACFRAME 4096 smp. [44100 Hz, 2] len: 454
@26624 TAG : @3111 @    3111 - TYPE_AAC [-A-DC] fl:1 ->  AACFRAME 4096 smp. [44100 Hz, 2] len: 363
@27136 TAG : @3157 @    3157 - TYPE_AAC [-A-DC] fl:1 ->  AACFRAME 4096 smp. [44100 Hz, 2] len: 373
@27136 TAG : @3204 @    3204 - TYPE_AAC [-A-DC] fl:1 ->  AACFRAME 4096 smp. [44100 Hz, 2] len: 362
@27648 TAG : @3250 @    3250 - TYPE_AAC [-A-DC] fl:1 ->  AACFRAME 4096 smp. [44100 Hz, 2] len: 376
@28160 TAG : @3297 @    3297 - TYPE_AAC [-A-DC] fl:1 ->  AACFRAME 4096 smp. [44100 Hz, 2] len: 375
@28672 TAG : @3343 @    3343 - TYPE_AAC [-A-DC] fl:1 ->  AACFRAME 4096 smp. [44100 Hz, 2] len: 358
@28672 TAG : @3390 @    3390 - TYPE_AAC [-A-DC] fl:1 ->  AACFRAME 4096 smp. [44100 Hz, 2] len: 362
@29184 TAG : @3436 @    3436 - TYPE_AAC [-A-DC] fl:1 ->  AACFRAME 4096 smp. [44100 Hz, 2] len: 361
@29696 TAG : @3482 @    3482 - TYPE_AAC [-A-DC] fl:1 ->  AACFRAME 4096 smp. [44100 Hz, 2] len: 407
@29696 TAG : @3529 @    3529 - TYPE_AAC [-A-DC] fl:1 ->  AACFRAME 4096 smp. [44100 Hz, 2] len: 503
@30208 TAG : @3575 @    3575 - TYPE_AAC [-A-DC] fl:1 ->  AACFRAME 4096 smp. [44100 Hz, 2] len: 346
@30720 TAG : @3622 @    3622 - TYPE_AAC [-A-DC] fl:1 ->  AACFRAME 4096 smp. [44100 Hz, 2] len: 354
@31232 TAG : @3668 @    3668 - TYPE_AAC [-A-DC] fl:1 ->  AACFRAME 4096 smp. [44100 Hz, 2] len: 351
@31744 TAG : @3715 @    3715 - TYPE_AAC [-A-DC] fl:1 ->  AACFRAME 4096 smp. [44100 Hz, 2] len: 371
@31744 TAG : @3761 @    3761 - TYPE_AAC [-A-DC] fl:1 ->  AACFRAME 4096 smp. [44100 Hz, 2] len: 505
@32256 TAG : @3808 @    3808 - TYPE_AAC [-A-DC] fl:1 ->  AACFRAME 4096 smp. [44100 Hz, 2] len: 338
@32768 TAG : @3854 @    3854 - TYPE_AAC [-A-DC] fl:1 ->  AACFRAME 4096 smp. [44100 Hz, 2] len: 341
@33280 TAG : @3900 @    3900 - TYPE_AAC [-A-DC] fl:1 ->  AACFRAME 4096 smp. [44100 Hz, 2] len: 388
@33280 TAG : @3947 @    3947 - TYPE_AAC [-A-DC] fl:1 ->  AACFRAME 4096 smp. [44100 Hz, 2] len: 434
@33792 TAG : @3993 @    3993 - TYPE_AAC [-A-DC] fl:1 ->  AACFRAME 4096 smp. [44100 Hz, 2] len: 494
@34304 TAG : @4040 @    4040 - TYPE_AAC [-A-DC] fl:1 ->  AACFRAME 4096 smp. [44100 Hz, 2] len: 351
@34816 TAG : @4086 @    4086 - TYPE_AAC [-A-DC] fl:1 ->  AACFRAME 4096 smp. [44100 Hz, 2] len: 345
@35328 TAG : @4133 @    4133 - TYPE_AAC [-A-DC] fl:1 ->  AACFRAME 4096 smp. [44100 Hz, 2] len: 360
@35328 TAG : @4179 @    4179 - TYPE_AAC [-A-DC] fl:1 ->  AACFRAME 4096 smp. [44100 Hz, 2] len: 362
@35840 TAG : @4226 @    4226 - TYPE_AAC [-A-DC] fl:1 ->  AACFRAME 4096 smp. [44100 Hz, 2] len: 342
@36352 TAG : @4272 @    4272 - TYPE_AAC [-A-DC] fl:1 ->  AACFRAME 4096 smp. [44100 Hz, 2] len: 336
@36352 TAG : @4318 @    4318 - TYPE_AAC [-A-DC] fl:1 ->  AACFRAME 4096 smp. [44100 Hz, 2] len: 357
@36864 TAG : @4365 @    4365 - TYPE_AAC [-A-DC] fl:1 ->  AACFRAME 4096 smp. [44100 Hz, 2] len: 359
@37376 TAG : @4411 @    4411 - TYPE_AAC [-A-DC] fl:1 ->  AACFRAME 4096 smp. [44100 Hz, 2] len: 376
@37376 TAG : @4458 @    4458 - TYPE_AAC [-A-DC] fl:1 ->  AACFRAME 4096 smp. [44100 Hz, 2] len: 381
@37888 TAG : @4504 @    4504 - TYPE_AAC [-A-DC] fl:1 ->  AACFRAME 4096 smp. [44100 Hz, 2] len: 432
@38400 TAG : @4551 @    4551 - TYPE_AAC [-A-DC] fl:1 ->  AACFRAME 4096 smp. [44100 Hz, 2] len: 369
@38912 TAG : @4597 @    4597 - TYPE_AAC [-A-DC] fl:1 ->  AACFRAME 4096 smp. [44100 Hz, 2] len: 365
@38912 TAG : @4643 @    4643 - TYPE_AAC [-A-DC] fl:1 ->  AACFRAME 4096 smp. [44100 Hz, 2] len: 369
@39424 TAG : @4690 @    4690 - TYPE_AAC [-A-DC] fl:1 ->  AACFRAME 4096 smp. [44100 Hz, 2] len: 425
@39936 TAG : @4736 @    4736 - TYPE_AAC [-A-DC] fl:1 ->  AACFRAME 4096 smp. [44100 Hz, 2] len: 410
@40448 TAG : @4783 @    4783 - TYPE_AAC [-A-DC] fl:1 ->  AACFRAME 4096 smp. [44100 Hz, 2] len: 352
@40448 TAG : @4829 @    4829 - TYPE_AAC [-A-DC] fl:1 ->  AACFRAME 4096 smp. [44100 Hz, 2] len: 379
@40960 TAG : @4876 @    4876 - TYPE_AAC [-A-DC] fl:1 ->  AACFRAME 4096 smp. [44100 Hz, 2] len: 381
@41472 TAG : @4922 @    4922 - TYPE_AAC [-A-DC] fl:1 ->  AACFRAME 4096 smp. [44100 Hz, 2] len: 408
@41984 TAG : @4969 @    4969 - TYPE_AAC [-A-DC] fl:1 ->  AACFRAME 4096 smp. [44100 Hz, 2] len: 488
@41984 TAG : @5015 @    5015 - TYPE_AAC [-A-DC] fl:1 ->  AACFRAME 4096 smp. [44100 Hz, 2] len: 356
@42496 TAG : @5061 @    5061 - TYPE_AAC [-A-DC] fl:1 ->  AACFRAME 4096 smp. [44100 Hz, 2] len: 357
@43008 TAG : @5108 @    5108 - TYPE_AAC [-A-DC] fl:1 ->  AACFRAME 4096 smp. [44100 Hz, 2] len: 343
@43520 TAG : @5154 @    5154 - TYPE_AAC [-A-DC] fl:1 ->  AACFRAME 4096 smp. [44100 Hz, 2] len: 375
@43520 TAG : @5201 @    5201 - TYPE_AAC [-A-DC] fl:1 ->  AACFRAME 4096 smp. [44100 Hz, 2] len: 383
@44032 TAG : @5247 @    5247 - TYPE_AAC [-A-DC] fl:1 ->  AACFRAME 4096 smp. [44100 Hz, 2] len: 352
@44544 TAG : @5294 @    5294 - TYPE_AAC [-A-DC] fl:1 ->  AACFRAME 4096 smp. [44100 Hz, 2] len: 363
@45056 TAG : @5340 @    5340 - TYPE_AAC [-A-DC] fl:1 ->  AACFRAME 4096 smp. [44100 Hz, 2] len: 359
@45056 TAG : @5387 @    5387 - TYPE_AAC [-A-DC] fl:1 ->  AACFRAME 4096 smp. [44100 Hz, 2] len: 345
@45568 TAG : @5433 @    5433 - TYPE_AAC [-A-DC] fl:1 ->  AACFRAME 4096 smp. [44100 Hz, 2] len: 511
@46080 TAG : @5479 @    5479 - TYPE_AAC [-A-DC] fl:1 ->  AACFRAME 4096 smp. [44100 Hz, 2] len: 343
@46592 TAG : @5526 @    5526 - TYPE_AAC [-A-DC] fl:1 ->  AACFRAME 4096 smp. [44100 Hz, 2] len: 367
@46592 TAG : @5572 @    5572 - TYPE_AAC [-A-DC] fl:1 ->  AACFRAME 4096 smp. [44100 Hz, 2] len: 353
@47104 TAG : @5619 @    5619 - TYPE_AAC [-A-DC] fl:1 ->  AACFRAME 4096 smp. [44100 Hz, 2] len: 357
@47616 TAG : @5665 @    5665 - TYPE_AAC [-A-DC] fl:1 ->  AACFRAME 4096 smp. [44100 Hz, 2] len: 498
@48128 TAG : @5712 @    5712 - TYPE_AAC [-A-DC] fl:1 ->  AACFRAME 4096 smp. [44100 Hz, 2] len: 346
@48128 TAG : @5758 @    5758 - TYPE_AAC [-A-DC] fl:1 ->  AACFRAME 4096 smp. [44100 Hz, 2] len: 369
@48640 TAG : @5804 @    5804 - TYPE_AAC [-A-DC] fl:1 ->  AACFRAME 4096 smp. [44100 Hz, 2] len: 361
@49152 TAG : @5851 @    5851 - TYPE_AAC [-A-DC] fl:1 ->  AACFRAME 4096 smp. [44100 Hz, 2] len: 404
@49664 TAG : @5897 @    5897 - TYPE_AAC [-A-DC] fl:1 ->  AACFRAME 4096 smp. [44100 Hz, 2] len: 472
@49664 TAG : @5944 @    5944 - TYPE_AAC [-A-DC] fl:1 ->  AACFRAME 4096 smp. [44100 Hz, 2] len: 343
@50176 TAG : @5990 @    5990 - TYPE_AAC [-A-DC] fl:1 ->  AACFRAME 4096 smp. [44100 Hz, 2] len: 345
@50688 TAG : @6037 @    6037 - TYPE_AAC [-A-DC] fl:1 ->  AACFRAME 4096 smp. [44100 Hz, 2] len: 357
@51200 TAG : @6083 @    6083 - TYPE_AAC [-A-DC] fl:1 ->  AACFRAME 4096 smp. [44100 Hz, 2] len: 358
@51200 TAG : @6130 @    6130 - TYPE_AAC [-A-DC] fl:1 ->  AACFRAME 4096 smp. [44100 Hz, 2] len: 400
@51712 TAG : @6176 @    6176 - TYPE_AAC [-A-DC] fl:1 ->  AACFRAME 4096 smp. [44100 Hz, 2] len: 348
@52224 TAG : @6222 @    6222 - TYPE_AAC [-A-DC] fl:1 ->  AACFRAME 4096 smp. [44100 Hz, 2] len: 350
@52224 TAG : @6269 @    6269 - TYPE_AAC [-A-DC] fl:1 ->  AACFRAME 4096 smp. [44100 Hz, 2] len: 352
@52736 TAG : @6315 @    6315 - TYPE_AAC [-A-DC] fl:1 ->  AACFRAME 4096 smp. [44100 Hz, 2] len: 358
@53248 TAG : @6362 @    6362 - TYPE_AAC [-A-DC] fl:1 ->  AACFRAME 4096 smp. [44100 Hz, 2] len: 497
@53760 TAG : @6408 @    6408 - TYPE_AAC [-A-DC] fl:1 ->  AACFRAME 4096 smp. [44100 Hz, 2] len: 348
@54272 TAG : @6455 @    6455 - TYPE_AAC [-A-DC] fl:1 ->  AACFRAME 4096 smp. [44100 Hz, 2] len: 344
@54272 TAG : @6501 @    6501 - TYPE_AAC [-A-DC] fl:1 ->  AACFRAME 4096 smp. [44100 Hz, 2] len: 363
@54784 TAG : @6548 @    6548 - TYPE_AAC [-A-DC] fl:1 ->  AACFRAME 4096 smp. [44100 Hz, 2] len: 370
@55296 TAG : @6594 @    6594 - TYPE_AAC [-A-DC] fl:1 ->  AACFRAME 4096 smp. [44100 Hz, 2] len: 388
@55296 TAG : @6640 @    6640 - TYPE_AAC [-A-DC] fl:1 ->  AACFRAME 4096 smp. [44100 Hz, 2] len: 393
@55808 TAG : @6687 @    6687 - TYPE_AAC [-A-DC] fl:1 ->  AACFRAME 4096 smp. [44100 Hz, 2] len: 366
@56320 TAG : @6733 @    6733 - TYPE_AAC [-A-DC] fl:1 ->  AACFRAME 4096 smp. [44100 Hz, 2] len: 367
@56832 TAG : @6780 @    6780 - TYPE_AAC [-A-DC] fl:1 ->  AACFRAME 4096 smp. [44100 Hz, 2] len: 361
@56832 TAG : @6826 @    6826 - TYPE_AAC [-A-DC] fl:1 ->  AACFRAME 4096 smp. [44100 Hz, 2] len: 378
@57344 TAG : @6873 @    6873 - TYPE_AAC [-A-DC] fl:1 ->  AACFRAME 4096 smp. [44100 Hz, 2] len: 419
@57856 TAG : @6919 @    6919 - TYPE_AAC [-A-DC] fl:1 ->  AACFRAME 4096 smp. [44100 Hz, 2] len: 372
@58368 TAG : @6965 @    6965 - TYPE_AAC [-A-DC] fl:1 ->  AACFRAME 4096 smp. [44100 Hz, 2] len: 362
@58368 TAG : @7012 @    7012 - TYPE_AAC [-A-DC] fl:1 ->  AACFRAME 4096 smp. [44100 Hz, 2] len: 358
@58880 TAG : @7058 @    7058 - TYPE_AAC [-A-DC] fl:1 ->  AACFRAME 4096 smp. [44100 Hz, 2] len: 418
@59392 TAG : @7105 @    7105 - TYPE_AAC [-A-DC] fl:1 ->  AACFRAME 4096 smp. [44100 Hz, 2] len: 362
@59392 TAG : @7151 @    7151 - TYPE_AAC [-A-DC] fl:1 ->  AACFRAME 4096 smp. [44100 Hz, 2] len: 353
@59904 TAG : @7198 @    7198 - TYPE_AAC [-A-DC] fl:1 ->  AACFRAME 4096 smp. [44100 Hz, 2] len: 396
@60416 TAG : @7244 @    7244 - TYPE_AAC [-A-DC] fl:1 ->  AACFRAME 4096 smp. [44100 Hz, 2] len: 353
@60928 TAG : @7291 @    7291 - TYPE_AAC [-A-DC] fl:1 ->  AACFRAME 4096 smp. [44100 Hz, 2] len: 506
@60928 TAG : @7337 @    7337 - TYPE_AAC [-A-DC] fl:1 ->  AACFRAME 4096 smp. [44100 Hz, 2] len: 429
@61440 TAG : @7383 @    7383 - TYPE_AAC [-A-DC] fl:1 ->  AACFRAME 4096 smp. [44100 Hz, 2] len: 338
@61952 TAG : @7430 @    7430 - TYPE_AAC [-A-DC] fl:1 ->  AACFRAME 4096 smp. [44100 Hz, 2] len: 350
@62464 TAG : @7476 @    7476 - TYPE_AAC [-A-DC] fl:1 ->  AACFRAME 4096 smp. [44100 Hz, 2] len: 359
@62976 TAG : @7523 @    7523 - TYPE_AAC [-A-DC] fl:1 ->  AACFRAME 4096 smp. [44100 Hz, 2] len: 390
@62976 TAG : @7569 @    7569 - TYPE_AAC [-A-DC] fl:1 ->  AACFRAME 4096 smp. [44100 Hz, 2] len: 481
@63488 TAG : @7616 @    7616 - TYPE_AAC [-A-DC] fl:1 ->  AACFRAME 4096 smp. [44100 Hz, 2] len: 329
@64000 TAG : @7662 @    7662 - TYPE_AAC [-A-DC] fl:1 ->  AACFRAME 4096 smp. [44100 Hz, 2] len: 342
@64512 TAG : @7709 @    7709 - TYPE_AAC [-A-DC] fl:1 ->  AACFRAME 4096 smp. [44100 Hz, 2] len: 371
@64512 TAG : @7755 @    7755 - TYPE_AAC [-A-DC] fl:1 ->  AACFRAME 4096 smp. [44100 Hz, 2] len: 352
@65024 TAG : @7801 @    7801 - TYPE_AAC [-A-DC] fl:1 ->  AACFRAME 4096 smp. [44100 Hz, 2] len: 426
@65536 TAG : @7848 @    7848 - TYPE_AAC [-A-DC] fl:1 ->  AACFRAME 4096 smp. [44100 Hz, 2] len: 355
@65536 TAG : @7894 @    7894 - TYPE_AAC [-A-DC] fl:1 ->  AACFRAME 4096 smp. [44100 Hz, 2] len: 364
@66048 TAG : @7941 @    7941 - TYPE_AAC [-A-DC] fl:1 ->  AACFRAME 4096 smp. [44100 Hz, 2] len: 352
@66560 TAG : @7987 @    7987 - TYPE_AAC [-A-DC] fl:1 ->  AACFRAME 4096 smp. [44100 Hz, 2] len: 356
@67072 TAG : @8034 @    8034 - TYPE_AAC [-A-DC] fl:1 ->  AACFRAME 4096 smp. [44100 Hz, 2] len: 345
@67072 TAG : @8080 @    8080 - TYPE_AAC [-A-DC] fl:1 ->  AACFRAME 4096 smp. [44100 Hz, 2] len: 356
@67584 TAG : @8126 @    8126 - TYPE_AAC [-A-DC] fl:1 ->  AACFRAME 4096 smp. [44100 Hz, 2] len: 366
@68096 TAG : @8173 @    8173 - TYPE_AAC [-A-DC] fl:1 ->  AACFRAME 4096 smp. [44100 Hz, 2] len: 364
@68096 TAG : @8219 @    8219 - TYPE_AAC [-A-DC] fl:1 ->  AACFRAME 4096 smp. [44100 Hz, 2] len: 380
@68608 TAG : @8266 @    8266 - TYPE_AAC [-A-DC] fl:1 ->  AACFRAME 4096 smp. [44100 Hz, 2] len: 445
@69120 TAG : @8312 @    8312 - TYPE_AAC [-A-DC] fl:1 ->  AACFRAME 4096 smp. [44100 Hz, 2] len: 364
@69632 TAG : @8359 @    8359 - TYPE_AAC [-A-DC] fl:1 ->  AACFRAME 4096 smp. [44100 Hz, 2] len: 371
@69632 TAG : @8405 @    8405 - TYPE_AAC [-A-DC] fl:1 ->  AACFRAME 4096 smp. [44100 Hz, 2] len: 363
@70144 TAG : @8452 @    8452 - TYPE_AAC [-A-DC] fl:1 ->  AACFRAME 4096 smp. [44100 Hz, 2] len: 372
@70656 TAG : @8498 @    8498 - TYPE_AAC [-A-DC] fl:1 ->  AACFRAME 4096 smp. [44100 Hz, 2] len: 391
@71168 TAG : @8544 @    8544 - TYPE_AAC [-A-DC] fl:1 ->  AACFRAME 4096 smp. [44100 Hz, 2] len: 338
@71168 TAG : @8591 @    8591 - TYPE_AAC [-A-DC] fl:1 ->  AACFRAME 4096 smp. [44100 Hz, 2] len: 390
@71680 TAG : @8637 @    8637 - TYPE_AAC [-A-DC] fl:1 ->  AACFRAME 4096 smp. [44100 Hz, 2] len: 371
@72192 TAG : @8684 @    8684 - TYPE_AAC [-A-DC] fl:1 ->  AACFRAME 4096 smp. [44100 Hz, 2] len: 373
@72192 TAG : @8730 @    8730 - TYPE_AAC [-A-DC] fl:1 ->  AACFRAME 4096 smp. [44100 Hz, 2] len: 441
@72704 TAG : @8777 @    8777 - TYPE_AAC [-A-DC] fl:1 ->  AACFRAME 4096 smp. [44100 Hz, 2] len: 368
@73216 TAG : @8823 @    8823 - TYPE_AAC [-A-DC] fl:1 ->  AACFRAME 4096 smp. [44100 Hz, 2] len: 371
@73728 TAG : @8870 @    8870 - TYPE_AAC [-A-DC] fl:1 ->  AACFRAME 4096 smp. [44100 Hz, 2] len: 355
@73728 TAG : @8916 @    8916 - TYPE_AAC [-A-DC] fl:1 ->  AACFRAME 4096 smp. [44100 Hz, 2] len: 369
@74240 TAG : @8962 @    8962 - TYPE_AAC [-A-DC] fl:1 ->  AACFRAME 4096 smp. [44100 Hz, 2] len: 356
@74752 TAG : @9009 @    9009 - TYPE_AAC [-A-DC] fl:1 ->  AACFRAME 4096 smp. [44100 Hz, 2] len: 358
@75264 TAG : @9055 @    9055 - TYPE_AAC [-A-DC] fl:1 ->  AACFRAME 4096 smp. [44100 Hz, 2] len: 370
@75264 TAG : @9102 @    9102 - TYPE_AAC [-A-DC] fl:1 ->  AACFRAME 4096 smp. [44100 Hz, 2] len: 377
@75776 TAG : @9148 @    9148 - TYPE_AAC [-A-DC] fl:1 ->  AACFRAME 4096 smp. [44100 Hz, 2] len: 388
@76288 TAG : @9195 @    9195 - TYPE_AAC [-A-DC] fl:1 ->  AACFRAME 4096 smp. [44100 Hz, 2] len: 388
@76800 TAG : @9241 @    9241 - TYPE_AAC [-A-DC] fl:1 ->  AACFRAME 4096 smp. [44100 Hz, 2] len: 359
@76800 TAG : @9287 @    9287 - TYPE_AAC [-A-DC] fl:1 ->  AACFRAME 4096 smp. [44100 Hz, 2] len: 382
@77312 TAG : @9334 @    9334 - TYPE_AAC [-A-DC] fl:1 ->  AACFRAME 4096 smp. [44100 Hz, 2] len: 371
@77824 TAG : @9380 @    9380 - TYPE_AAC [-A-DC] fl:1 ->  AACFRAME 4096 smp. [44100 Hz, 2] len: 370
@77824 TAG : @9427 @    9427 - TYPE_AAC [-A-DC] fl:1 ->  AACFRAME 4096 smp. [44100 Hz, 2] len: 367
@78336 TAG : @9473 @    9473 - TYPE_AAC [-A-DC] fl:1 ->  AACFRAME 4096 smp. [44100 Hz, 2] len: 355
@78848 TAG : @9520 @    9520 - TYPE_AAC [-A-DC] fl:1 ->  AACFRAME 4096 smp. [44100 Hz, 2] len: 379
@79360 TAG : @9566 @    9566 - TYPE_AAC [-A-DC] fl:1 ->  AACFRAME 4096 smp. [44100 Hz, 2] len: 391
@79360 TAG : @9613 @    9613 - TYPE_AAC [-A-DC] fl:1 ->  AACFRAME 4096 smp. [44100 Hz, 2] len: 382
@79872 TAG : @9659 @    9659 - TYPE_AAC [-A-DC] fl:1 ->  AACFRAME 4096 smp. [44100 Hz, 2] len: 541
@80384 TAG : @9705 @    9705 - TYPE_AAC [-A-DC] fl:1 ->  AACFRAME 4096 smp. [44100 Hz, 2] len: 365
@80896 TAG : @9752 @    9752 - TYPE_AAC [-A-DC] fl:1 ->  AACFRAME 4096 smp. [44100 Hz, 2] len: 361
@81408 TAG : @9798 @    9798 - TYPE_AAC [-A-DC] fl:1 ->  AACFRAME 4096 smp. [44100 Hz, 2] len: 361
@81408 TAG : @9845 @    9845 - TYPE_AAC [-A-DC] fl:1 ->  AACFRAME 4096 smp. [44100 Hz, 2] len: 355
@81920 TAG : @9891 @    9891 - TYPE_AAC [-A-DC] fl:1 ->  AACFRAME 4096 smp. [44100 Hz, 2] len: 373
@82432 TAG : @9938 @    9938 - TYPE_AAC [-A-DC] fl:1 ->  AACFRAME 4096 smp. [44100 Hz, 2] len: 355
@82432 TAG : @9984 @    9984 - TYPE_AAC [-A-DC] fl:1 ->  AACFRAME 4096 smp. [44100 Hz, 2] len: 366
@82944 TAG : @10031 @   10031 - TYPE_AAC [-A-DC] fl:1 ->  AACFRAME 4096 smp. [44100 Hz, 2] len: 379
@83456 TAG : @10077 @   10077 - TYPE_AAC [-A-DC] fl:1 ->  AACFRAME 4096 smp. [44100 Hz, 2] len: 382
@83968 TAG : @10123 @   10123 - TYPE_AAC [-A-DC] fl:1 ->  AACFRAME 4096 smp. [44100 Hz, 2] len: 367
@83968 TAG : @10170 @   10170 - TYPE_AAC [-A-DC] fl:1 ->  AACFRAME 4096 smp. [44100 Hz, 2] len: 444
@84480 TAG : @10216 @   10216 - TYPE_AAC [-A-DC] fl:1 ->  AACFRAME 4096 smp. [44100 Hz, 2] len: 374
@84992 TAG : @10263 @   10263 - TYPE_AAC [-A-DC] fl:1 ->  AACFRAME 4096 smp. [44100 Hz, 2] len: 363
@85504 TAG : @10309 @   10309 - TYPE_AAC [-A-DC] fl:1 ->  AACFRAME 4096 smp. [44100 Hz, 2] len: 366
@85504 TAG : @10356 @   10356 - TYPE_AAC [-A-DC] fl:1 ->  AACFRAME 4096 smp. [44100 Hz, 2] len: 378
@86016 TAG : @10402 @   10402 - TYPE_AAC [-A-DC] fl:1 ->  AACFRAME 4096 smp. [44100 Hz, 2] len: 429
@86528 TAG : @10448 @   10448 - TYPE_AAC [-A-DC] fl:1 ->  AACFRAME 4096 smp. [44100 Hz, 2] len: 381
@87040 TAG : @10495 @   10495 - TYPE_AAC [-A-DC] fl:1 ->  AACFRAME 4096 smp. [44100 Hz, 2] len: 387
@87040 TAG : @10541 @   10541 - TYPE_AAC [-A-DC] fl:1 ->  AACFRAME 4096 smp. [44100 Hz, 2] len: 365
@87552 TAG : @10588 @   10588 - TYPE_AAC [-A-DC] fl:1 ->  AACFRAME 4096 smp. [44100 Hz, 2] len: 380
@88064 TAG : @10634 @   10634 - TYPE_AAC [-A-DC] fl:1 ->  AACFRAME 4096 smp. [44100 Hz, 2] len: 512
@88576 TAG : @10681 @   10681 - TYPE_AAC [-A-DC] fl:1 ->  AACFRAME 4096 smp. [44100 Hz, 2] len: 345
@89088 TAG : @10727 @   10727 - TYPE_AAC [-A-DC] fl:1 ->  AACFRAME 4096 smp. [44100 Hz, 2] len: 355
@89088 TAG : @10774 @   10774 - TYPE_AAC [-A-DC] fl:1 ->  AACFRAME 4096 smp. [44100 Hz, 2] len: 353
@89600 TAG : @10820 @   10820 - TYPE_AAC [-A-DC] fl:1 ->  AACFRAME 4096 smp. [44100 Hz, 2] len: 358
@90112 TAG : @10866 @   10866 - TYPE_AAC [-A-DC] fl:1 ->  AACFRAME 4096 smp. [44100 Hz, 2] len: 403
@90112 TAG : @10913 @   10913 - TYPE_AAC [-A-DC] fl:1 ->  AACFRAME 4096 smp. [44100 Hz, 2] len: 346
@90624 TAG : @10959 @   10959 - TYPE_AAC [-A-DC] fl:1 ->  AACFRAME 4096 smp. [44100 Hz, 2] len: 357
@91136 TAG : @11006 @   11006 - TYPE_AAC [-A-DC] fl:1 ->  AACFRAME 4096 smp. [44100 Hz, 2] len: 366
@91136 TAG : @11052 @   11052 - TYPE_AAC [-A-DC] fl:1 ->  AACFRAME 4096 smp. [44100 Hz, 2] len: 396
@91648 TAG : @11099 @   11099 - TYPE_AAC [-A-DC] fl:1 ->  AACFRAME 4096 smp. [44100 Hz, 2] len: 447
@92160 TAG : @11145 @   11145 - TYPE_AAC [-A-DC] fl:1 ->  AACFRAME 4096 smp. [44100 Hz, 2] len: 345
@92672 TAG : @11192 @   11192 - TYPE_AAC [-A-DC] fl:1 ->  AACFRAME 4096 smp. [44100 Hz, 2] len: 356
@93184 TAG : @11238 @   11238 - TYPE_AAC [-A-DC] fl:1 ->  AACFRAME 4096 smp. [44100 Hz, 2] len: 359
@93184 TAG : @11284 @   11284 - TYPE_AAC [-A-DC] fl:1 ->  AACFRAME 4096 smp. [44100 Hz, 2] len: 355
@93696 TAG : @11331 @   11331 - TYPE_AAC [-A-DC] fl:1 ->  AACFRAME 4096 smp. [44100 Hz, 2] len: 466
@94208 TAG : @11377 @   11377 - TYPE_AAC [-A-DC] fl:1 ->  AACFRAME 4096 smp. [44100 Hz, 2] len: 350
@94720 TAG : @11424 @   11424 - TYPE_AAC [-A-DC] fl:1 ->  AACFRAME 4096 smp. [44100 Hz, 2] len: 353
@94720 TAG : @11470 @   11470 - TYPE_AAC [-A-DC] fl:1 ->  AACFRAME 4096 smp. [44100 Hz, 2] len: 397
@95232 TAG : @11517 @   11517 - TYPE_AAC [-A-DC] fl:1 ->  AACFRAME 4096 smp. [44100 Hz, 2] len: 408
@95744 TAG : @11563 @   11563 - TYPE_AAC [-A-DC] fl:1 ->  AACFRAME 4096 smp. [44100 Hz, 2] len: 502
@95744 TAG : @11609 @   11609 - TYPE_AAC [-A-DC] fl:1 ->  AACFRAME 4096 smp. [44100 Hz, 2] len: 356
@96256 TAG : @11656 @   11656 - TYPE_AAC [-A-DC] fl:1 ->  AACFRAME 4096 smp. [44100 Hz, 2] len: 345
@96768 TAG : @11702 @   11702 - TYPE_AAC [-A-DC] fl:1 ->  AACFRAME 4096 smp. [44100 Hz, 2] len: 337
@97280 TAG : @11749 @   11749 - TYPE_AAC [-A-DC] fl:1 ->  AACFRAME 4096 smp. [44100 Hz, 2] len: 363
@97280 TAG : @11795 @   11795 - TYPE_AAC [-A-DC] fl:1 ->  AACFRAME 4096 smp. [44100 Hz, 2] len: 353
@97792 TAG : @11842 @   11842 - TYPE_AAC [-A-DC] fl:1 ->  AACFRAME 4096 smp. [44100 Hz, 2] len: 348
@98304 TAG : @11888 @   11888 - TYPE_AAC [-A-DC] fl:1 ->  AACFRAME 4096 smp. [44100 Hz, 2] len: 354
@98816 TAG : @11935 @   11935 - TYPE_AAC [-A-DC] fl:1 ->  AACFRAME 4096 smp. [44100 Hz, 2] len: 349
@98816 TAG : @11981 @   11981 - TYPE_AAC [-A-DC] fl:1 ->  AACFRAME 4096 smp. [44100 Hz, 2] len: 368
@99328 TAG : @12027 @   12027 - TYPE_AAC [-A-DC] fl:1 ->  AACFRAME 4096 smp. [44100 Hz, 2] len: 440
@99840 TAG : @12074 @   12074 - TYPE_AAC [-A-DC] fl:1 ->  AACFRAME 4096 smp. [44100 Hz, 2] len: 401
@100352 TAG : @12120 @   12120 - TYPE_AAC [-A-DC] fl:1 ->  AACFRAME 4096 smp. [44100 Hz, 2] len: 360
@100352 TAG : @12167 @   12167 - TYPE_AAC [-A-DC] fl:1 ->  AACFRAME 4096 smp. [44100 Hz, 2] len: 371
@100864 TAG : @12213 @   12213 - TYPE_AAC [-A-DC] fl:1 ->  AACFRAME 4096 smp. [44100 Hz, 2] len: 361
@101376 TAG : @12260 @   12260 - TYPE_AAC [-A-DC] fl:1 ->  AACFRAME 4096 smp. [44100 Hz, 2] len: 474
@101376 TAG : @12306 @   12306 - TYPE_AAC [-A-DC] fl:1 ->  AACFRAME 4096 smp. [44100 Hz, 2] len: 345
@101888 TAG : @12353 @   12353 - TYPE_AAC [-A-DC] fl:1 ->  AACFRAME 4096 smp. [44100 Hz, 2] len: 368
@102400 TAG : @12399 @   12399 - TYPE_AAC [-A-DC] fl:1 ->  AACFRAME 4096 smp. [44100 Hz, 2] len: 364
@102912 TAG : @12445 @   12445 - TYPE_AAC [-A-DC] fl:1 ->  AACFRAME 4096 smp. [44100 Hz, 2] len: 379
@102912 TAG : @12492 @   12492 - TYPE_AAC [-A-DC] fl:1 ->  AACFRAME 4096 smp. [44100 Hz, 2] len: 510
@103424 TAG : @12538 @   12538 - TYPE_AAC [-A-DC] fl:1 ->  AACFRAME 4096 smp. [44100 Hz, 2] len: 421
@103936 TAG : @12585 @   12585 - TYPE_AAC [-A-DC] fl:1 ->  AACFRAME 4096 smp. [44100 Hz, 2] len: 346
@104448 TAG : @12631 @   12631 - TYPE_AAC [-A-DC] fl:1 ->  AACFRAME 4096 smp. [44100 Hz, 2] len: 353
@104960 TAG : @12678 @   12678 - TYPE_AAC [-A-DC] fl:1 ->  AACFRAME 4096 smp. [44100 Hz, 2] len: 352
@104960 TAG : @12724 @   12724 - TYPE_AAC [-A-DC] fl:1 ->  AACFRAME 4096 smp. [44100 Hz, 2] len: 351
@105472 TAG : @12770 @   12770 - TYPE_AAC [-A-DC] fl:1 ->  AACFRAME 4096 smp. [44100 Hz, 2] len: 345
@105984 TAG : @12817 @   12817 - TYPE_AAC [-A-DC] fl:1 ->  AACFRAME 4096 smp. [44100 Hz, 2] len: 348
@105984 TAG : @12863 @   12863 - TYPE_AAC [-A-DC] fl:1 ->  AACFRAME 4096 smp. [44100 Hz, 2] len: 364
@106496 TAG : @12910 @   12910 - TYPE_AAC [-A-DC] fl:1 ->  AACFRAME 4096 smp. [44100 Hz, 2] len: 366
@107008 TAG : @12956 @   12956 - TYPE_AAC [-A-DC] fl:1 ->  AACFRAME 4096 smp. [44100 Hz, 2] len: 402
@107520 TAG : @13003 @   13003 - TYPE_AAC [-A-DC] fl:1 ->  AACFRAME 4096 smp. [44100 Hz, 2] len: 448
@107520 TAG : @13049 @   13049 - TYPE_AAC [-A-DC] fl:1 ->  AACFRAME 4096 smp. [44100 Hz, 2] len: 349
@108032 TAG : @13096 @   13096 - TYPE_AAC [-A-DC] fl:1 ->  AACFRAME 4096 smp. [44100 Hz, 2] len: 354
@108544 TAG : @13142 @   13142 - TYPE_AAC [-A-DC] fl:1 ->  AACFRAME 4096 smp. [44100 Hz, 2] len: 350
@109056 TAG : @13188 @   13188 - TYPE_AAC [-A-DC] fl:1 ->  AACFRAME 4096 smp. [44100 Hz, 2] len: 384
@109056 TAG : @13235 @   13235 - TYPE_AAC [-A-DC] fl:1 ->  AACFRAME 4096 smp. [44100 Hz, 2] len: 499
@109568 TAG : @13281 @   13281 - TYPE_AAC [-A-DC] fl:1 ->  AACFRAME 4096 smp. [44100 Hz, 2] len: 335
@110080 TAG : @13328 @   13328 - TYPE_AAC [-A-DC] fl:1 ->  AACFRAME 4096 smp. [44100 Hz, 2] len: 355
@110592 TAG : @13374 @   13374 - TYPE_AAC [-A-DC] fl:1 ->  AACFRAME 4096 smp. [44100 Hz, 2] len: 382
@110592 TAG : @13421 @   13421 - TYPE_AAC [-A-DC] fl:1 ->  AACFRAME 4096 smp. [44100 Hz, 2] len: 403
@111104 TAG : @13467 @   13467 - TYPE_AAC [-A-DC] fl:1 ->  AACFRAME 4096 smp. [44100 Hz, 2] len: 479
@111616 TAG : @13514 @   13514 - TYPE_AAC [-A-DC] fl:1 ->  AACFRAME 4096 smp. [44100 Hz, 2] len: 348
@112128 TAG : @13560 @   13560 - TYPE_AAC [-A-DC] fl:1 ->  AACFRAME 4096 smp. [44100 Hz, 2] len: 353
@112128 TAG : @13606 @   13606 - TYPE_AAC [-A-DC] fl:1 ->  AACFRAME 4096 smp. [44100 Hz, 2] len: 359
@112640 TAG : @13653 @   13653 - TYPE_AAC [-A-DC] fl:1 ->  AACFRAME 4096 smp. [44100 Hz, 2] len: 360
@113152 TAG : @13699 @   13699 - TYPE_AAC [-A-DC] fl:1 ->  AACFRAME 4096 smp. [44100 Hz, 2] len: 373
@113664 TAG : @13746 @   13746 - TYPE_AAC [-A-DC] fl:1 ->  AACFRAME 4096 smp. [44100 Hz, 2] len: 342
@113664 TAG : @13792 @   13792 - TYPE_AAC [-A-DC] fl:1 ->  AACFRAME 4096 smp. [44100 Hz, 2] len: 358
@114176 TAG : @13839 @   13839 - TYPE_AAC [-A-DC] fl:1 ->  AACFRAME 4096 smp. [44100 Hz, 2] len: 361
@114688 TAG : @13885 @   13885 - TYPE_AAC [-A-DC] fl:1 ->  AACFRAME 4096 smp. [44100 Hz, 2] len: 341
@114688 TAG : @13931 @   13931 - TYPE_AAC [-A-DC] fl:1 ->  AACFRAME 4096 smp. [44100 Hz, 2] len: 470
@115200 TAG : @13978 @   13978 - TYPE_AAC [-A-DC] fl:1 ->  AACFRAME 4096 smp. [44100 Hz, 2] len: 353
@115712 TAG : @14024 @   14024 - TYPE_AAC [-A-DC] fl:1 ->  AACFRAME 4096 smp. [44100 Hz, 2] len: 362
@116224 TAG : @14071 @   14071 - TYPE_AAC [-A-DC] fl:1 ->  AACFRAME 4096 smp. [44100 Hz, 2] len: 351
@116224 TAG : @14117 @   14117 - TYPE_AAC [-A-DC] fl:1 ->  AACFRAME 4096 smp. [44100 Hz, 2] len: 366
@116736 TAG : @14164 @   14164 - TYPE_AAC [-A-DC] fl:1 ->  AACFRAME 4096 smp. [44100 Hz, 2] len: 406
@117248 TAG : @14210 @   14210 - TYPE_AAC [-A-DC] fl:1 ->  AACFRAME 4096 smp. [44100 Hz, 2] len: 372
@117760 TAG : @14257 @   14257 - TYPE_AAC [-A-DC] fl:1 ->  AACFRAME 4096 smp. [44100 Hz, 2] len: 381
@117760 TAG : @14303 @   14303 - TYPE_AAC [-A-DC] fl:1 ->  AACFRAME 4096 smp. [44100 Hz, 2] len: 357
EOF @118161, useless bytes at file end: 0STATISTICS:
total_tags =311 total_bytes =117379 maximum_tag_size=541
video_tags =0 video_bytes =0 
audio_tags =310 audio_bytes =117379
