@0: @       0 - TYPE_MP3 [-A-DC] fl:1 ->  MP3FRAME{MPEG_VERSION_2_5 - MPEG_LAYER_III} STEREO [128 kbps @ 11025 Hz] len: 1671 [pad: 0, crc: 0]
@1671: @     104 - TYPE_MP3 [-A-DC] fl:1 ->  MP3FRAME{MPEG_VERSION_2_5 - MPEG_LAYER_III} STEREO [128 kbps @ 11025 Hz] len: 1672 [pad: 1, crc: 0]
@3343: @     208 - TYPE_MP3 [-A-DC] fl:1 ->  MP3FRAME{MPEG_VERSION_2_5 - MPEG_LAYER_III} STEREO [128 kbps @ 11025 Hz] len: 1672 [pad: 1, crc: 0]
@5015: @     312 - TYPE_MP3 [-A-DC] fl:1 ->  MP3FRAME{MPEG_VERSION_2_5 - MPEG_LAYER_III} STEREO [128 kbps @ 11025 Hz] len: 1672 [pad: 1, crc: 0]
@6687: @     416 - TYPE_MP3 [-A-DC] fl:1 ->  MP3FRAME{MPEG_VERSION_2_5 - MPEG_LAYER_III} STEREO [128 kbps @ 11025 Hz] len: 1672 [pad: 1, crc: 0]
@8359: @     520 - TYPE_MP3 [-A-DC] fl:1 ->  MP3FRAME{MPEG_VERSION_2_5 - MPEG_LAYER_III} STEREO [128 kbps @ 11025 Hz] len: 1672 [pad: 1, crc: 0]
@10031: @     624 - TYPE_MP3 [-A-DC] fl:1 ->  MP3FRAME{MPEG_VERSION_2_5 - MPEG_LAYER_III} STEREO [128 kbps @ 11025 Hz] len: 1672 [pad: 1, crc: 0]
@11703: @     728 - TYPE_MP3 [-A-DC] fl:1 ->  MP3FRAME{MPEG_VERSION_2_5 - MPEG_LAYER_III} STEREO [128 kbps @ 11025 Hz] len: 1672 [pad: 1, crc: 0]
@14210: @     832 - TYPE_MP3 [-A-DC] fl:1 ->  MP3FRAME{MPEG_VERSION_2_5 - MPEG_LAYER_III} STEREO [128 kbps @ 11025 Hz] len: 1672 [pad: 1, crc: 0]
@15882: @     936 - TYPE_MP3 [-A-DC] fl:1 ->  MP3FRAME{MPEG_VERSION_2_5 - MPEG_LAYER_III} STEREO [128 kbps @ 11025 Hz] len: 1672 [pad: 1, crc: 0]
@17554: @    1040 - TYPE_MP3 [-A-DC] fl:1 ->  MP3FRAME{MPEG_VERSION_2_5 - MPEG_LAYER_III} STEREO [128 kbps @ 11025 Hz] len: 1672 [pad: 1, crc: 0]
@19226: @    1144 - TYPE_MP3 [-A-DC] fl:1 ->  MP3FRAME{MPEG_VERSION_2_5 - MPEG_LAYER_III} STEREO [128 kbps @ 11025 Hz] len: 1672 [pad: 1, crc: 0]
@20898: @    1248 - TYPE_MP3 [-A-DC] fl:1 ->  MP3FRAME{MPEG_VERSION_2_5 - MPEG_LAYER_III} STEREO [128 kbps @ 11025 Hz] len: 1671 [pad: 0, crc: 0]
@22569: @    1352 - TYPE_MP3 [-A-DC] fl:1 ->  MP3FRAME{MPEG_VERSION_2_5 - MPEG_LAYER_III} STEREO [128 kbps @ 11025 Hz] len: 1672 [pad: 1, crc: 0]
@24241: @    1456 - TYPE_MP3 [-A-DC] fl:1 ->  MP3FRAME{MPEG_VERSION_2_5 - MPEG_LAYER_III} STEREO [128 kbps @ 11025 Hz] len: 1672 [pad: 1, crc: 0]
@25913: @    1560 - TYPE_MP3 [-A-DC] fl:1 ->  MP3FRAME{MPEG_VERSION_2_5 - MPEG_LAYER_III} STEREO [128 kbps @ 11025 Hz] len: 1672 [pad: 1, crc: 0]
@27585: @    1664 - TYPE_MP3 [-A-DC] fl:1 ->  MP3FRAME{MPEG_VERSION_2_5 - MPEG_LAYER_III} STEREO [128 kbps @ 11025 Hz] len: 1672 [pad: 1, crc: 0]
@29257: @    1768 - TYPE_MP3 [-A-DC] fl:1 ->  MP3FRAME{MPEG_VERSION_2_5 - MPEG_LAYER_III} STEREO [128 kbps @ 11025 Hz] len: 1672 [pad: 1, crc: 0]
@30929: @    1872 - TYPE_MP3 [-A-DC] fl:1 ->  MP3FRAME{MPEG_VERSION_2_5 - MPEG_LAYER_III} STEREO [128 kbps @ 11025 Hz] len: 1671 [pad: 0, crc: 0]
@32600: @    1976 - TYPE_MP3 [-A-DC] fl:1 ->  MP3FRAME{MPEG_VERSION_2_5 - MPEG_LAYER_III} STEREO [128 kbps @ 11025 Hz] len: 1672 [pad: 1, crc: 0]
@34272: @    2080 - TYPE_MP3 [-A-DC] fl:1 ->  MP3FRAME{MPEG_VERSION_2_5 - MPEG_LAYER_III} STEREO [128 kbps @ 11025 Hz] len: 1672 [pad: 1, crc: 0]
@35944: @    2184 - TYPE_MP3 [-A-DC] fl:1 ->  MP3FRAME{MPEG_VERSION_2_5 - MPEG_LAYER_III} STEREO [128 kbps @ 11025 Hz] len: 1672 [pad: 1, crc: 0]
@37616: @    2288 - TYPE_MP3 [-A-DC] fl:1 ->  MP3FRAME{MPEG_VERSION_2_5 - MPEG_LAYER_III} STEREO [128 kbps @ 11025 Hz] len: 1672 [pad: 1, crc: 0]
@39288: @    2392 - TYPE_MP3 [-A-DC] fl:1 ->  MP3FRAME{MPEG_VERSION_2_5 - MPEG_LAYER_III} STEREO [128 kbps @ 11025 Hz] len: 1672 [pad: 1, crc: 0]
@40960: @    2496 - TYPE_MP3 [-A-DC] fl:1 ->  MP3FRAME{MPEG_VERSION_2_5 - MPEG_LAYER_III} STEREO [128 kbps @ 11025 Hz] len: 1671 [pad: 0, crc: 0]
@42631: @    2600 - TYPE_MP3 [-A-DC] fl:1 ->  MP3FRAME{MPEG_VERSION_2_5 - MPEG_LAYER_III} STEREO [128 kbps @ 11025 Hz] len: 1672 [pad: 1, crc: 0]
@44303: @    2704 - TYPE_MP3 [-A-DC] fl:1 ->  MP3FRAME{MPEG_VERSION_2_5 - MPEG_LAYER_III} STEREO [128 kbps @ 11025 Hz] len: 1672 [pad: 1, crc: 0]
@45975: @    2808 - TYPE_MP3 [-A-DC] fl:1 ->  MP3FRAME{MPEG_VERSION_2_5 - MPEG_LAYER_III} STEREO [128 kbps @ 11025 Hz] len: 1672 [pad: 1, crc: 0]
@47647: @    2912 - TYPE_MP3 [-A-DC] fl:1 ->  MP3FRAME{MPEG_VERSION_2_5 - MPEG_LAYER_III} STEREO [128 kbps @ 11025 Hz] len: 1672 [pad: 1, crc: 0]
@49319: @    3016 - TYPE_MP3 [-A-DC] fl:1 ->  MP3FRAME{MPEG_VERSION_2_5 - MPEG_LAYER_III} STEREO [128 kbps @ 11025 Hz] len: 1672 [pad: 1, crc: 0]
@50991: @    3120 - TYPE_MP3 [-A-DC] fl:1 ->  MP3FRAME{MPEG_VERSION_2_5 - MPEG_LAYER_III} STEREO [128 kbps @ 11025 Hz] len: 1672 [pad: 1, crc: 0]
@52663: @    3224 - TYPE_MP3 [-A-DC] fl:1 ->  MP3FRAME{MPEG_VERSION_2_5 - MPEG_LAYER_III} STEREO [128 kbps @ 11025 Hz] len: 1672 [pad: 1, crc: 0]
@55170: @    3328 - TYPE_MP3 [-A-DC] fl:1 ->  MP3FRAME{MPEG_VERSION_2_5 - MPEG_LAYER_III} STEREO [128 kbps @ 11025 Hz] len: 1672 [pad: 1, crc: 0]
@56842: @    3432 - TYPE_MP3 [-A-DC] fl:1 ->  MP3FRAME{MPEG_VERSION_2_5 - MPEG_LAYER_III} STEREO [128 kbps @ 11025 Hz] len: 1672 [pad: 1, crc: 0]
@58514: @    3536 - TYPE_MP3 [-A-DC] fl:1 ->  MP3FRAME{MPEG_VERSION_2_5 - MPEG_LAYER_III} STEREO [128 kbps @ 11025 Hz] len: 1672 [pad: 1, crc: 0]
@60186: @    3640 - TYPE_MP3 [-A-DC] fl:1 ->  MP3FRAME{MPEG_VERSION_2_5 - MPEG_LAYER_III} STEREO [128 kbps @ 11025 Hz] len: 1672 [pad: 1, crc: 0]
@61858: @    3744 - TYPE_MP3 [-A-DC] fl:1 ->  MP3FRAME{MPEG_VERSION_2_5 - MPEG_LAYER_III} STEREO [128 kbps @ 11025 Hz] len: 1671 [pad: 0, crc: 0]
@63529: @    3848 - TYPE_MP3 [-A-DC] fl:1 ->  MP3FRAME{MPEG_VERSION_2_5 - MPEG_LAYER_III} STEREO [128 kbps @ 11025 Hz] len: 1672 [pad: 1, crc: 0]
@65201: @    3952 - TYPE_MP3 [-A-DC] fl:1 ->  MP3FRAME{MPEG_VERSION_2_5 - MPEG_LAYER_III} STEREO [128 kbps @ 11025 Hz] len: 1672 [pad: 1, crc: 0]
@66873: @    4056 - TYPE_MP3 [-A-DC] fl:1 ->  MP3FRAME{MPEG_VERSION_2_5 - MPEG_LAYER_III} STEREO [128 kbps @ 11025 Hz] len: 1672 [pad: 1, crc: 0]
@68545: @    4160 - TYPE_MP3 [-A-DC] fl:1 ->  MP3FRAME{MPEG_VERSION_2_5 - MPEG_LAYER_III} STEREO [128 kbps @ 11025 Hz] len: 1672 [pad: 1, crc: 0]
@70217: @    4264 - TYPE_MP3 [-A-DC] fl:1 ->  MP3FRAME{MPEG_VERSION_2_5 - MPEG_LAYER_III} STEREO [128 kbps @ 11025 Hz] len: 1672 [pad: 1, crc: 0]
@71889: @    4368 - TYPE_MP3 [-A-DC] fl:1 ->  MP3FRAME{MPEG_VERSION_2_5 - MPEG_LAYER_III} STEREO [128 kbps @ 11025 Hz] len: 1671 [pad: 0, crc: 0]
@73560: @    4472 - TYPE_MP3 [-A-DC] fl:1 ->  MP3FRAME{MPEG_VERSION_2_5 - MPEG_LAYER_III} STEREO [128 kbps @ 11025 Hz] len: 1672 [pad: 1, crc: 0]
@75232: @    4576 - TYPE_MP3 [-A-DC] fl:1 ->  MP3FRAME{MPEG_VERSION_2_5 - MPEG_LAYER_III} STEREO [128 kbps @ 11025 Hz] len: 1672 [pad: 1, crc: 0]
@76904: @    4680 - TYPE_MP3 [-A-DC] fl:1 ->  MP3FRAME{MPEG_VERSION_2_5 - MPEG_LAYER_III} STEREO [128 kbps @ 11025 Hz] len: 1672 [pad: 1, crc: 0]
@78576: @    4784 - TYPE_MP3 [-A-DC] fl:1 ->  MP3FRAME{MPEG_VERSION_2_5 - MPEG_LAYER_III} STEREO [128 kbps @ 11025 Hz] len: 1672 [pad: 1, crc: 0]
@80248: @    4888 - TYPE_MP3 [-A-DC] fl:1 ->  MP3FRAME{MPEG_VERSION_2_5 - MPEG_LAYER_III} STEREO [128 kbps @ 11025 Hz] len: 1672 [pad: 1, crc: 0]
@81920: @    4992 - TYPE_MP3 [-A-DC] fl:1 ->  MP3FRAME{MPEG_VERSION_2_5 - MPEG_LAYER_III} STEREO [128 kbps @ 11025 Hz] len: 1671 [pad: 0, crc: 0]
@83591: @    5096 - TYPE_MP3 [-A-DC] fl:1 ->  MP3FRAME{MPEG_VERSION_2_5 - MPEG_LAYER_III} STEREO [128 kbps @ 11025 Hz] len: 1672 [pad: 1, crc: 0]
@85263: @    5200 - TYPE_MP3 [-A-DC] fl:1 ->  MP3FRAME{MPEG_VERSION_2_5 - MPEG_LAYER_III} STEREO [128 kbps @ 11025 Hz] len: 1672 [pad: 1, crc: 0]
@86935: @    5304 - TYPE_MP3 [-A-DC] fl:1 ->  MP3FRAME{MPEG_VERSION_2_5 - MPEG_LAYER_III} STEREO [128 kbps @ 11025 Hz] len: 1672 [pad: 1, crc: 0]
@88607: @    5408 - TYPE_MP3 [-A-DC] fl:1 ->  MP3FRAME{MPEG_VERSION_2_5 - MPEG_LAYER_III} STEREO [128 kbps @ 11025 Hz] len: 1672 [pad: 1, crc: 0]
EOF @90279
Useless bytes at file end: 836
STATISTICS:
total_tags =53 total_bytes =88609 maximum_tag_size=1672
video_tags =0 video_bytes =0 
audio_tags =53 audio_bytes =88609
